// Jest Snapshot v1, https://goo.gl/fbAQLP

exports[`renders correctly 1`] = `
<div
  className="container"
  id="app"
>
  <nav
    className="nav"
  >
    <h2
      className="nav__item"
    >
      Laneclaim
    </h2>
    <div
      className="nav__list"
    >
      <div
        className="nav__item"
      >
        about
      </div>
      <button
        className="nav__item"
        type="button"
      >
        Submit New Claim
      </button>
    </div>
  </nav>
  <div
    id="map"
  />
</div>
`;
